D:\ra89-2016\lprs2\lab4\basic_system\implementation\system.ngc 1553857179
D:/ra89-2016/lprs2/lab4/basic_system/implementation/system_dip_switches_wrapper.ngc 1553857141
D:/ra89-2016/lprs2/lab4/basic_system/implementation/system_my_peripheral_lab4_0_wrapper.ngc 1553857151
D:/ra89-2016/lprs2/lab4/basic_system/implementation/char_rom_def.ngc 1553853241
D:/ra89-2016/lprs2/lab4/basic_system/implementation/system_rs232_wrapper.ngc 1553857126
D:/ra89-2016/lprs2/lab4/basic_system/implementation/system_proc_sys_reset_0_wrapper.ngc 1553857046
D:/ra89-2016/lprs2/lab4/basic_system/implementation/system_clock_generator_0_wrapper.ngc 1553857164
D:/ra89-2016/lprs2/lab4/basic_system/implementation/system_microblaze_0_ilmb_wrapper.ngc 1553857154
D:/ra89-2016/lprs2/lab4/basic_system/implementation/system_microblaze_0_dlmb_wrapper.ngc 1553857157
D:/ra89-2016/lprs2/lab4/basic_system/implementation/system_axi4lite_0_wrapper.ngc 1553857167
D:/ra89-2016/lprs2/lab4/basic_system/implementation/system_microblaze_0_wrapper.ngc 1553857160
D:/ra89-2016/lprs2/lab4/basic_system/implementation/system_microblaze_0_i_bram_ctrl_wrapper.ngc 1553857055
D:/ra89-2016/lprs2/lab4/basic_system/implementation/system_microblaze_0_d_bram_ctrl_wrapper.ngc 1553857065
D:/ra89-2016/lprs2/lab4/basic_system/implementation/system_debug_module_wrapper.ngc 1553857106
D:/ra89-2016/lprs2/lab4/basic_system/implementation/system_leds_wrapper.ngc 1553857134
D:/ra89-2016/lprs2/lab4/basic_system/implementation/system_microblaze_0_bram_block_wrapper.ngc 1553857071
OK
